Archive member included to satisfy reference by file (symbol)

/opt/gcc-arm/bin/../lib/gcc/arm-none-eabi/8.3.1/../../../../arm-none-eabi/lib/thumb/v7-m/nofp/libc.a(lib_a-memcpy.o)
                              rtos/queue.o (memcpy)
/Users/sean/STM32_Base/libopencm3/lib/libopencm3_stm32f1.a(adc.o)
                              main.o (adc_power_on)
/Users/sean/STM32_Base/libopencm3/lib/libopencm3_stm32f1.a(adc_common_v1.o)
                              main.o (adc_power_off)
/Users/sean/STM32_Base/libopencm3/lib/libopencm3_stm32f1.a(exti_common_all.o)
                              lamppedal_setup.o (exti_set_trigger)
/Users/sean/STM32_Base/libopencm3/lib/libopencm3_stm32f1.a(gpio.o)
                              main.o (gpio_set_mode)
/Users/sean/STM32_Base/libopencm3/lib/libopencm3_stm32f1.a(gpio_common_all.o)
                              main.o (gpio_set)
/Users/sean/STM32_Base/libopencm3/lib/libopencm3_stm32f1.a(rcc.o)
                              main.o (rcc_set_adcpre)
/Users/sean/STM32_Base/libopencm3/lib/libopencm3_stm32f1.a(rcc_common_all.o)
                              main.o (rcc_peripheral_enable_clock)
/Users/sean/STM32_Base/libopencm3/lib/libopencm3_stm32f1.a(timer_common_all.o)
                              main.o (timer_enable_irq)
/Users/sean/STM32_Base/libopencm3/lib/libopencm3_stm32f1.a(vector.o)
                              (reset_handler)
/Users/sean/STM32_Base/libopencm3/lib/libopencm3_stm32f1.a(nvic.o)
                              main.o (nvic_enable_irq)
/Users/sean/STM32_Base/libopencm3/lib/libopencm3_stm32f1.a(assert.o)
                              /Users/sean/STM32_Base/libopencm3/lib/libopencm3_stm32f1.a(rcc.o) (cm3_assert_failed)
/Users/sean/STM32_Base/libopencm3/lib/libopencm3_stm32f1.a(flash_common_all.o)
                              /Users/sean/STM32_Base/libopencm3/lib/libopencm3_stm32f1.a(rcc.o) (flash_set_ws)

Discarded input sections

 .text          0x0000000000000000        0x0 main.o
 .data          0x0000000000000000        0x0 main.o
 .bss           0x0000000000000000        0x0 main.o
 .bss.myTicks   0x0000000000000000        0x4 main.o
 .text          0x0000000000000000        0x0 lamppedal_setup.o
 .data          0x0000000000000000        0x0 lamppedal_setup.o
 .bss           0x0000000000000000        0x0 lamppedal_setup.o
 .text          0x0000000000000000        0x0 rtos/heap_4.o
 .data          0x0000000000000000        0x0 rtos/heap_4.o
 .bss           0x0000000000000000        0x0 rtos/heap_4.o
 .text.prvInsertBlockIntoFreeList
                0x0000000000000000       0x48 rtos/heap_4.o
 .text.pvPortMalloc
                0x0000000000000000       0xec rtos/heap_4.o
 .text.vPortFree
                0x0000000000000000       0x4c rtos/heap_4.o
 .text.xPortGetFreeHeapSize
                0x0000000000000000        0xc rtos/heap_4.o
 .text.xPortGetMinimumEverFreeHeapSize
                0x0000000000000000        0xc rtos/heap_4.o
 .text.vPortInitialiseBlocks
                0x0000000000000000        0x2 rtos/heap_4.o
 .bss.pxEnd     0x0000000000000000        0x4 rtos/heap_4.o
 .bss.ucHeap    0x0000000000000000     0x4400 rtos/heap_4.o
 .bss.xBlockAllocatedBit
                0x0000000000000000        0x4 rtos/heap_4.o
 .bss.xFreeBytesRemaining
                0x0000000000000000        0x4 rtos/heap_4.o
 .bss.xMinimumEverFreeBytesRemaining
                0x0000000000000000        0x4 rtos/heap_4.o
 .bss.xStart    0x0000000000000000        0x8 rtos/heap_4.o
 .debug_info    0x0000000000000000      0xcb4 rtos/heap_4.o
 .debug_abbrev  0x0000000000000000      0x36a rtos/heap_4.o
 .debug_loc     0x0000000000000000      0x360 rtos/heap_4.o
 .debug_aranges
                0x0000000000000000       0x48 rtos/heap_4.o
 .debug_ranges  0x0000000000000000       0x38 rtos/heap_4.o
 .debug_line    0x0000000000000000      0x439 rtos/heap_4.o
 .debug_str     0x0000000000000000      0x75c rtos/heap_4.o
 .comment       0x0000000000000000       0x77 rtos/heap_4.o
 .debug_frame   0x0000000000000000       0x9c rtos/heap_4.o
 .ARM.attributes
                0x0000000000000000       0x2d rtos/heap_4.o
 .text          0x0000000000000000        0x0 rtos/list.o
 .data          0x0000000000000000        0x0 rtos/list.o
 .bss           0x0000000000000000        0x0 rtos/list.o
 .text.vListInitialise
                0x0000000000000000       0x16 rtos/list.o
 .text.vListInitialiseItem
                0x0000000000000000        0x6 rtos/list.o
 .text.vListInsert
                0x0000000000000000       0x2e rtos/list.o
 .text          0x0000000000000000        0x0 rtos/port.o
 .data          0x0000000000000000        0x0 rtos/port.o
 .bss           0x0000000000000000        0x0 rtos/port.o
 .text.prvTaskExitError
                0x0000000000000000       0x20 rtos/port.o
 .text.prvPortStartFirstTask
                0x0000000000000000       0x20 rtos/port.o
 .text.pxPortInitialiseStack
                0x0000000000000000       0x24 rtos/port.o
 .text.vPortEndScheduler
[...]
Memory Configuration

Name             Origin             Length             Attributes
rom              0x0000000008000000 0x0000000000010000 xr
ram              0x0000000020000000 0x0000000000005000 xrw
*default*        0x0000000000000000 0xffffffffffffffff

Linker script and memory map

LOAD main.o
LOAD lamppedal_setup.o
LOAD rtos/heap_4.o
LOAD rtos/list.o
LOAD rtos/port.o
LOAD rtos/queue.o
LOAD rtos/tasks.o
LOAD rtos/opencm3.o
START GROUP
LOAD /opt/gcc-arm/bin/../lib/gcc/arm-none-eabi/8.3.1/../../../../arm-none-eabi/lib/thumb/v7-m/nofp/libc.a
LOAD /opt/gcc-arm/bin/../lib/gcc/arm-none-eabi/8.3.1/thumb/v7-m/nofp/libgcc.a
LOAD /opt/gcc-arm/bin/../lib/gcc/arm-none-eabi/8.3.1/../../../../arm-none-eabi/lib/thumb/v7-m/nofp/libnosys.a
END GROUP
LOAD /Users/sean/STM32_Base//rtos/libwwg/libwwg.a
LOAD /Users/sean/STM32_Base/libopencm3/lib/libopencm3_stm32f1.a
START GROUP
LOAD /opt/gcc-arm/bin/../lib/gcc/arm-none-eabi/8.3.1/thumb/v7-m/nofp/libgcc.a
LOAD /opt/gcc-arm/bin/../lib/gcc/arm-none-eabi/8.3.1/../../../../arm-none-eabi/lib/thumb/v7-m/nofp/libc.a
END GROUP
START GROUP
LOAD /opt/gcc-arm/bin/../lib/gcc/arm-none-eabi/8.3.1/thumb/v7-m/nofp/libgcc.a
LOAD /opt/gcc-arm/bin/../lib/gcc/arm-none-eabi/8.3.1/../../../../arm-none-eabi/lib/thumb/v7-m/nofp/libc.a
LOAD /opt/gcc-arm/bin/../lib/gcc/arm-none-eabi/8.3.1/../../../../arm-none-eabi/lib/thumb/v7-m/nofp/libnosys.a
END GROUP

.text           0x0000000008000000      0xc28
 *(.vectors)
 .vectors       0x0000000008000000      0x150 /Users/sean/STM32_Base/libopencm3/lib/libopencm3_stm32f1.a(vector.o)
                0x0000000008000000                vector_table
 *(.text*)
 .text.exti0_isr
                0x0000000008000150       0x68 main.o
                0x0000000008000150                exti0_isr
 .text.tim2_isr
                0x00000000080001b8       0x3c main.o
                0x00000000080001b8                tim2_isr
 .text.startup.main
                0x00000000080001f4      0x130 main.o
                0x00000000080001f4                main
 .text.clock_setup
                0x0000000008000324        0x4 lamppedal_setup.o
                0x0000000008000324                clock_setup
 .text.exti_setup
                0x0000000008000328       0x44 lamppedal_setup.o
                0x0000000008000328                exti_setup
 .text.vListInsertEnd
                0x000000000800036c       0x18 rtos/list.o
                0x000000000800036c                vListInsertEnd
 .text.uxListRemove
                0x0000000008000384       0x20 rtos/list.o
                0x0000000008000384                uxListRemove
 *fill*         0x00000000080003a4        0xc 
 .text.vPortSVCHandler
                0x00000000080003b0       0x24 rtos/port.o
                0x00000000080003b0                vPortSVCHandler
 *fill*         0x00000000080003d4        0xc 
 .text.xPortPendSVHandler
                0x00000000080003e0       0x44 rtos/port.o
                0x00000000080003e0                xPortPendSVHandler
 .text.xPortSysTickHandler
                0x0000000008000424       0x2c rtos/port.o
                0x0000000008000424                xPortSysTickHandler
 .text.prvResetNextTaskUnblockTime
                0x0000000008000450       0x24 rtos/tasks.o
 .text.xTaskIncrementTick
                0x0000000008000474      0x10c rtos/tasks.o
                0x0000000008000474                xTaskIncrementTick
 .text.vTaskSwitchContext
                0x0000000008000580       0x60 rtos/tasks.o
                0x0000000008000580                vTaskSwitchContext
 .text.sv_call_handler
                0x00000000080005e0        0x4 rtos/opencm3.o
                0x00000000080005e0                sv_call_handler
 .text.pend_sv_handler
                0x00000000080005e4        0x4 rtos/opencm3.o
                0x00000000080005e4                pend_sv_handler
 .text.sys_tick_handler
                0x00000000080005e8        0x4 rtos/opencm3.o
                0x00000000080005e8                sys_tick_handler
 .text.adc_power_on
                0x00000000080005ec       0x10 /Users/sean/STM32_Base/libopencm3/lib/libopencm3_stm32f1.a(adc.o)
                0x00000000080005ec                adc_power_on
 .text.adc_start_conversion_direct
                0x00000000080005fc       0x10 /Users/sean/STM32_Base/libopencm3/lib/libopencm3_stm32f1.a(adc.o)
                0x00000000080005fc                adc_start_conversion_direct
 .text.adc_set_dual_mode
                0x000000000800060c       0x10 /Users/sean/STM32_Base/libopencm3/lib/libopencm3_stm32f1.a(adc.o)
                0x000000000800060c                adc_set_dual_mode
 .text.adc_enable_temperature_sensor
                0x000000000800061c       0x10 /Users/sean/STM32_Base/libopencm3/lib/libopencm3_stm32f1.a(adc.o)
                0x000000000800061c                adc_enable_temperature_sensor
 .text.adc_reset_calibration
                0x000000000800062c       0x14 /Users/sean/STM32_Base/libopencm3/lib/libopencm3_stm32f1.a(adc.o)
                0x000000000800062c                adc_reset_calibration
 .text.adc_calibrate_async
                0x0000000008000640        0xa /Users/sean/STM32_Base/libopencm3/lib/libopencm3_stm32f1.a(adc.o)
                0x0000000008000640                adc_calibrate_async
 .text.adc_is_calibrating
                0x000000000800064a        0x8 /Users/sean/STM32_Base/libopencm3/lib/libopencm3_stm32f1.a(adc.o)
                0x000000000800064a                adc_is_calibrating
 .text.adc_set_sample_time
                0x0000000008000652       0x38 /Users/sean/STM32_Base/libopencm3/lib/libopencm3_stm32f1.a(adc.o)
                0x0000000008000652                adc_set_sample_time
 .text.adc_power_off
                0x000000000800068a        0xa /Users/sean/STM32_Base/libopencm3/lib/libopencm3_stm32f1.a(adc_common_v1.o)
                0x000000000800068a                adc_power_off
 .text.adc_disable_scan_mode
                0x0000000008000694        0xa /Users/sean/STM32_Base/libopencm3/lib/libopencm3_stm32f1.a(adc_common_v1.o)
                0x0000000008000694                adc_disable_scan_mode
 .text.adc_set_right_aligned
                0x000000000800069e        0xa /Users/sean/STM32_Base/libopencm3/lib/libopencm3_stm32f1.a(adc_common_v1.o)
                0x000000000800069e                adc_set_right_aligned
 .text.adc_eoc  0x00000000080006a8        0x8 /Users/sean/STM32_Base/libopencm3/lib/libopencm3_stm32f1.a(adc_common_v1.o)
                0x00000000080006a8                adc_eoc
 .text.adc_read_regular
                0x00000000080006b0        0x4 /Users/sean/STM32_Base/libopencm3/lib/libopencm3_stm32f1.a(adc_common_v1.o)
                0x00000000080006b0                adc_read_regular
 .text.adc_set_single_conversion_mode
                0x00000000080006b4        0xa /Users/sean/STM32_Base/libopencm3/lib/libopencm3_stm32f1.a(adc_common_v1.o)
                0x00000000080006b4                adc_set_single_conversion_mode
 .text.adc_set_regular_sequence
                0x00000000080006be       0x72 /Users/sean/STM32_Base/libopencm3/lib/libopencm3_stm32f1.a(adc_common_v1.o)
                0x00000000080006be                adc_set_regular_sequence
 .text.exti_set_trigger
                0x0000000008000730       0x3c /Users/sean/STM32_Base/libopencm3/lib/libopencm3_stm32f1.a(exti_common_all.o)
                0x0000000008000730                exti_set_trigger
 .text.exti_enable_request
                0x000000000800076c       0x1c /Users/sean/STM32_Base/libopencm3/lib/libopencm3_stm32f1.a(exti_common_all.o)
                0x000000000800076c                exti_enable_request
 .text.exti_reset_request
                0x0000000008000788        0xc /Users/sean/STM32_Base/libopencm3/lib/libopencm3_stm32f1.a(exti_common_all.o)
                0x0000000008000788                exti_reset_request
 .text.exti_select_source
                0x0000000008000794       0xa0 /Users/sean/STM32_Base/libopencm3/lib/libopencm3_stm32f1.a(exti_common_all.o)
                0x0000000008000794                exti_select_source
 .text.gpio_set_mode
                0x0000000008000834       0x5e /Users/sean/STM32_Base/libopencm3/lib/libopencm3_stm32f1.a(gpio.o)
                0x0000000008000834                gpio_set_mode
 .text.gpio_set
                0x0000000008000892        0x4 /Users/sean/STM32_Base/libopencm3/lib/libopencm3_stm32f1.a(gpio_common_all.o)
                0x0000000008000892                gpio_set
 .text.gpio_clear
                0x0000000008000896        0x6 /Users/sean/STM32_Base/libopencm3/lib/libopencm3_stm32f1.a(gpio_common_all.o)
                0x0000000008000896                gpio_clear
 .text.rcc_osc_on.part.1
                0x000000000800089c       0x10 /Users/sean/STM32_Base/libopencm3/lib/libopencm3_stm32f1.a(rcc.o)
 .text.rcc_is_osc_ready
                0x00000000080008ac       0x5c /Users/sean/STM32_Base/libopencm3/lib/libopencm3_stm32f1.a(rcc.o)
                0x00000000080008ac                rcc_is_osc_ready
 .text.rcc_wait_for_osc_ready
                0x0000000008000908       0x10 /Users/sean/STM32_Base/libopencm3/lib/libopencm3_stm32f1.a(rcc.o)
                0x0000000008000908                rcc_wait_for_osc_ready
 .text.rcc_osc_on
                0x0000000008000918       0x54 /Users/sean/STM32_Base/libopencm3/lib/libopencm3_stm32f1.a(rcc.o)
                0x0000000008000918                rcc_osc_on
 .text.rcc_set_sysclk_source
                0x000000000800096c       0x14 /Users/sean/STM32_Base/libopencm3/lib/libopencm3_stm32f1.a(rcc.o)
                0x000000000800096c                rcc_set_sysclk_source
 .text.rcc_set_pll_multiplication_factor
                0x0000000008000980       0x14 /Users/sean/STM32_Base/libopencm3/lib/libopencm3_stm32f1.a(rcc.o)
                0x0000000008000980                rcc_set_pll_multiplication_factor
 .text.rcc_set_pll_source
                0x0000000008000994       0x14 /Users/sean/STM32_Base/libopencm3/lib/libopencm3_stm32f1.a(rcc.o)
                0x0000000008000994                rcc_set_pll_source
 .text.rcc_set_pllxtpre
                0x00000000080009a8       0x14 /Users/sean/STM32_Base/libopencm3/lib/libopencm3_stm32f1.a(rcc.o)
                0x00000000080009a8                rcc_set_pllxtpre
 .text.rcc_set_adcpre
                0x00000000080009bc       0x14 /Users/sean/STM32_Base/libopencm3/lib/libopencm3_stm32f1.a(rcc.o)
                0x00000000080009bc                rcc_set_adcpre
 .text.rcc_set_ppre2
                0x00000000080009d0       0x14 /Users/sean/STM32_Base/libopencm3/lib/libopencm3_stm32f1.a(rcc.o)
                0x00000000080009d0                rcc_set_ppre2
 .text.rcc_set_ppre1
                0x00000000080009e4       0x14 /Users/sean/STM32_Base/libopencm3/lib/libopencm3_stm32f1.a(rcc.o)
                0x00000000080009e4                rcc_set_ppre1
 .text.rcc_set_hpre
                0x00000000080009f8       0x14 /Users/sean/STM32_Base/libopencm3/lib/libopencm3_stm32f1.a(rcc.o)
                0x00000000080009f8                rcc_set_hpre
 .text.rcc_clock_setup_in_hse_8mhz_out_72mhz
                0x0000000008000a0c       0x8c /Users/sean/STM32_Base/libopencm3/lib/libopencm3_stm32f1.a(rcc.o)
                0x0000000008000a0c                rcc_clock_setup_in_hse_8mhz_out_72mhz
 .text.rcc_peripheral_enable_clock
                0x0000000008000a98        0x8 /Users/sean/STM32_Base/libopencm3/lib/libopencm3_stm32f1.a(rcc_common_all.o)
                0x0000000008000a98                rcc_peripheral_enable_clock
 .text.rcc_peripheral_reset
                0x0000000008000aa0        0x8 /Users/sean/STM32_Base/libopencm3/lib/libopencm3_stm32f1.a(rcc_common_all.o)
                0x0000000008000aa0                rcc_peripheral_reset
 .text.rcc_peripheral_clear_reset
                0x0000000008000aa8        0xa /Users/sean/STM32_Base/libopencm3/lib/libopencm3_stm32f1.a(rcc_common_all.o)
                0x0000000008000aa8                rcc_peripheral_clear_reset
 .text.rcc_periph_clock_enable
                0x0000000008000ab2       0x1a /Users/sean/STM32_Base/libopencm3/lib/libopencm3_stm32f1.a(rcc_common_all.o)
                0x0000000008000ab2                rcc_periph_clock_enable
 .text.rcc_periph_reset_pulse
                0x0000000008000acc       0x22 /Users/sean/STM32_Base/libopencm3/lib/libopencm3_stm32f1.a(rcc_common_all.o)
                0x0000000008000acc                rcc_periph_reset_pulse
 .text.timer_enable_irq
                0x0000000008000aee        0x8 /Users/sean/STM32_Base/libopencm3/lib/libopencm3_stm32f1.a(timer_common_all.o)
                0x0000000008000aee                timer_enable_irq
 .text.timer_get_flag
                0x0000000008000af6        0xc /Users/sean/STM32_Base/libopencm3/lib/libopencm3_stm32f1.a(timer_common_all.o)
                0x0000000008000af6                timer_get_flag
 .text.timer_clear_flag
                0x0000000008000b02        0x6 /Users/sean/STM32_Base/libopencm3/lib/libopencm3_stm32f1.a(timer_common_all.o)
                0x0000000008000b02                timer_clear_flag
 .text.timer_set_mode
                0x0000000008000b08       0x12 /Users/sean/STM32_Base/libopencm3/lib/libopencm3_stm32f1.a(timer_common_all.o)
                0x0000000008000b08                timer_set_mode
 .text.timer_disable_preload
                0x0000000008000b1a        0xa /Users/sean/STM32_Base/libopencm3/lib/libopencm3_stm32f1.a(timer_common_all.o)
                0x0000000008000b1a                timer_disable_preload
 .text.timer_continuous_mode
                0x0000000008000b24        0xa /Users/sean/STM32_Base/libopencm3/lib/libopencm3_stm32f1.a(timer_common_all.o)
                0x0000000008000b24                timer_continuous_mode
 .text.timer_enable_counter
                0x0000000008000b2e        0xa /Users/sean/STM32_Base/libopencm3/lib/libopencm3_stm32f1.a(timer_common_all.o)
                0x0000000008000b2e                timer_enable_counter
 .text.timer_set_prescaler
                0x0000000008000b38        0x4 /Users/sean/STM32_Base/libopencm3/lib/libopencm3_stm32f1.a(timer_common_all.o)
                0x0000000008000b38                timer_set_prescaler
 .text.timer_set_period
                0x0000000008000b3c        0x4 /Users/sean/STM32_Base/libopencm3/lib/libopencm3_stm32f1.a(timer_common_all.o)
                0x0000000008000b3c                timer_set_period
 .text.timer_set_oc_value
                0x0000000008000b40       0x20 /Users/sean/STM32_Base/libopencm3/lib/libopencm3_stm32f1.a(timer_common_all.o)
                0x0000000008000b40                timer_set_oc_value
 .text.timer_get_counter
                0x0000000008000b60        0x4 /Users/sean/STM32_Base/libopencm3/lib/libopencm3_stm32f1.a(timer_common_all.o)
                0x0000000008000b60                timer_get_counter
 .text.blocking_handler
                0x0000000008000b64        0x2 /Users/sean/STM32_Base/libopencm3/lib/libopencm3_stm32f1.a(vector.o)
                0x0000000008000b64                spi3_isr
                0x0000000008000b64                rtc_isr
                0x0000000008000b64                tim7_isr
                0x0000000008000b64                adc1_2_isr
                0x0000000008000b64                tim1_trg_com_isr
                0x0000000008000b64                usb_hp_can_tx_isr
                0x0000000008000b64                tim6_isr
                0x0000000008000b64                usb_wakeup_isr
                0x0000000008000b64                blocking_handler
                0x0000000008000b64                tim5_isr
                0x0000000008000b64                otg_fs_isr
                0x0000000008000b64                spi1_isr
                0x0000000008000b64                exti2_isr
                0x0000000008000b64                dma1_channel6_isr
                0x0000000008000b64                can_rx1_isr
                0x0000000008000b64                dma1_channel5_isr
                0x0000000008000b64                dma2_channel5_isr
                0x0000000008000b64                usart1_isr
                0x0000000008000b64                usage_fault_handler
                0x0000000008000b64                tim8_trg_com_isr
                0x0000000008000b64                can2_rx0_isr
                0x0000000008000b64                tim1_brk_isr
                0x0000000008000b64                can2_rx1_isr
                0x0000000008000b64                tim1_cc_isr
                0x0000000008000b64                sdio_isr
                0x0000000008000b64                eth_isr
                0x0000000008000b64                dma1_channel4_isr
                0x0000000008000b64                tim8_brk_isr
                0x0000000008000b64                dma2_channel4_5_isr
                0x0000000008000b64                pvd_isr
                0x0000000008000b64                rcc_isr
                0x0000000008000b64                flash_isr
                0x0000000008000b64                uart4_isr
                0x0000000008000b64                rtc_alarm_isr
                0x0000000008000b64                exti15_10_isr
                0x0000000008000b64                hard_fault_handler
                0x0000000008000b64                exti1_isr
                0x0000000008000b64                i2c1_ev_isr
                0x0000000008000b64                dma2_channel1_isr
                0x0000000008000b64                spi2_isr
                0x0000000008000b64                tim8_up_isr
                0x0000000008000b64                dma2_channel2_isr
                0x0000000008000b64                exti3_isr
                0x0000000008000b64                adc3_isr
                0x0000000008000b64                tim3_isr
                0x0000000008000b64                usart2_isr
                0x0000000008000b64                usb_lp_can_rx0_isr
                0x0000000008000b64                i2c2_er_isr
                0x0000000008000b64                i2c2_ev_isr
                0x0000000008000b64                uart5_isr
                0x0000000008000b64                fsmc_isr
                0x0000000008000b64                dma1_channel1_isr
                0x0000000008000b64                exti4_isr
                0x0000000008000b64                mem_manage_handler
                0x0000000008000b64                can2_tx_isr
                0x0000000008000b64                exti9_5_isr
                0x0000000008000b64                dma2_channel3_isr
                0x0000000008000b64                dma1_channel7_isr
                0x0000000008000b64                tim1_up_isr
                0x0000000008000b64                can2_sce_isr
                0x0000000008000b64                tim4_isr
                0x0000000008000b64                dma1_channel2_isr
                0x0000000008000b64                i2c1_er_isr
                0x0000000008000b64                can_sce_isr
                0x0000000008000b64                tim8_cc_isr
                0x0000000008000b64                tamper_isr
                0x0000000008000b64                eth_wkup_isr
                0x0000000008000b64                bus_fault_handler
                0x0000000008000b64                wwdg_isr
                0x0000000008000b64                dma1_channel3_isr
                0x0000000008000b64                usart3_isr
 .text.null_handler
                0x0000000008000b66        0x2 /Users/sean/STM32_Base/libopencm3/lib/libopencm3_stm32f1.a(vector.o)
                0x0000000008000b66                null_handler
                0x0000000008000b66                debug_monitor_handler
                0x0000000008000b66                nmi_handler
 .text.reset_handler
                0x0000000008000b68       0x90 /Users/sean/STM32_Base/libopencm3/lib/libopencm3_stm32f1.a(vector.o)
                0x0000000008000b68                reset_handler
 .text.nvic_enable_irq
                0x0000000008000bf8       0x1a /Users/sean/STM32_Base/libopencm3/lib/libopencm3_stm32f1.a(nvic.o)
                0x0000000008000bf8                nvic_enable_irq
 *fill*         0x0000000008000c12        0x2 
 .text.flash_set_ws
                0x0000000008000c14       0x14 /Users/sean/STM32_Base/libopencm3/lib/libopencm3_stm32f1.a(flash_common_all.o)
                0x0000000008000c14                flash_set_ws
                0x0000000008000c28                . = ALIGN (0x4)
 *(.rodata*)
                0x0000000008000c28                . = ALIGN (0x4)

.glue_7         0x0000000008000c28        0x0
 .glue_7        0x0000000008000c28        0x0 linker stubs

.glue_7t        0x0000000008000c28        0x0
 .glue_7t       0x0000000008000c28        0x0 linker stubs

.vfp11_veneer   0x0000000008000c28        0x0
 .vfp11_veneer  0x0000000008000c28        0x0 linker stubs

.v4_bx          0x0000000008000c28        0x0
 .v4_bx         0x0000000008000c28        0x0 linker stubs

.iplt           0x0000000008000c28        0x0
 .iplt          0x0000000008000c28        0x0 main.o

.rel.dyn        0x0000000008000c28        0x0
 .rel.iplt      0x0000000008000c28        0x0 main.o

.preinit_array  0x0000000008000c28        0x0
                0x0000000008000c28                . = ALIGN (0x4)
                0x0000000008000c28                __preinit_array_start = .
 *(.preinit_array)
                0x0000000008000c28                __preinit_array_end = .

.init_array     0x0000000008000c28        0x0
                0x0000000008000c28                . = ALIGN (0x4)
                0x0000000008000c28                __init_array_start = .
 *(SORT_BY_NAME(.init_array.*))
 *(.init_array)
                0x0000000008000c28                __init_array_end = .

.fini_array     0x0000000008000c28        0x0
                0x0000000008000c28                . = ALIGN (0x4)
                0x0000000008000c28                __fini_array_start = .
 *(.fini_array)
 *(SORT_BY_NAME(.fini_array.*))
                0x0000000008000c28                __fini_array_end = .

.ARM.extab
 *(.ARM.extab*)

.ARM.exidx      0x0000000008000c28        0x0
                0x0000000008000c28                __exidx_start = .
 *(.ARM.exidx*)
                0x0000000008000c28                __exidx_end = .
                0x0000000008000c28                . = ALIGN (0x4)
                0x0000000008000c28                _etext = .

.data           0x0000000020000000        0xc load address 0x0000000008000c28
                0x0000000020000000                _data = .
 *(.data*)
 .data.rcc_ahb_frequency
                0x0000000020000000        0x4 /Users/sean/STM32_Base/libopencm3/lib/libopencm3_stm32f1.a(rcc.o)
                0x0000000020000000                rcc_ahb_frequency
 .data.rcc_apb1_frequency
                0x0000000020000004        0x4 /Users/sean/STM32_Base/libopencm3/lib/libopencm3_stm32f1.a(rcc.o)
                0x0000000020000004                rcc_apb1_frequency
 .data.rcc_apb2_frequency
                0x0000000020000008        0x4 /Users/sean/STM32_Base/libopencm3/lib/libopencm3_stm32f1.a(rcc.o)
                0x0000000020000008                rcc_apb2_frequency
                0x000000002000000c                . = ALIGN (0x4)
                0x000000002000000c                _edata = .
                0x0000000008000c28                _data_loadaddr = LOADADDR (.data)

.igot.plt       0x000000002000000c        0x0 load address 0x0000000008000c34
 .igot.plt      0x000000002000000c        0x0 main.o

.bss            0x000000002000000c       0x8c load address 0x0000000008000c34
 *(.bss*)
 .bss.pxCurrentTCB
                0x000000002000000c        0x4 rtos/tasks.o
                0x000000002000000c                pxCurrentTCB
 .bss.pxDelayedTaskList
                0x0000000020000010        0x4 rtos/tasks.o
 .bss.pxOverflowDelayedTaskList
                0x0000000020000014        0x4 rtos/tasks.o
 .bss.pxReadyTasksLists
                0x0000000020000018       0x64 rtos/tasks.o
 .bss.uxPendedTicks
                0x000000002000007c        0x4 rtos/tasks.o
 .bss.uxSchedulerSuspended
                0x0000000020000080        0x4 rtos/tasks.o
 .bss.uxTopReadyPriority
                0x0000000020000084        0x4 rtos/tasks.o
 .bss.xNextTaskUnblockTime
                0x0000000020000088        0x4 rtos/tasks.o
 .bss.xNumOfOverflows
                0x000000002000008c        0x4 rtos/tasks.o
 .bss.xTickCount
                0x0000000020000090        0x4 rtos/tasks.o
 .bss.xYieldPending
                0x0000000020000094        0x4 rtos/tasks.o
 *(COMMON)
                0x0000000020000098                . = ALIGN (0x4)
                0x0000000020000098                _ebss = .

/DISCARD/
 *(.eh_frame)
                0x0000000020000098                . = ALIGN (0x4)
                0x0000000020000098                end = .
                0x0000000020005000                PROVIDE (_stack = (ORIGIN (ram) + LENGTH (ram)))
OUTPUT(main.elf elf32-littlearm)

.debug_info     0x0000000000000000     0x8f65
 .debug_info    0x0000000000000000      0xbc8 main.o
 .debug_info    0x0000000000000bc8      0x3a7 lamppedal_setup.o
 .debug_info    0x0000000000000f6f      0xb72 rtos/list.o
 .debug_info    0x0000000000001ae1      0x363 rtos/port.o
 .debug_info    0x0000000000001e44     0x2bf5 rtos/tasks.o
 .debug_info    0x0000000000004a39      0x136 rtos/opencm3.o
 .debug_info    0x0000000000004b6f      0x3dd /Users/sean/STM32_Base/libopencm3/lib/libopencm3_stm32f1.a(adc.o)
 .debug_info    0x0000000000004f4c      0x8e9 /Users/sean/STM32_Base/libopencm3/lib/libopencm3_stm32f1.a(adc_common_v1.o)
 .debug_info    0x0000000000005835      0x23b /Users/sean/STM32_Base/libopencm3/lib/libopencm3_stm32f1.a(exti_common_all.o)
 .debug_info    0x0000000000005a70      0x216 /Users/sean/STM32_Base/libopencm3/lib/libopencm3_stm32f1.a(gpio.o)
 .debug_info    0x0000000000005c86      0x266 /Users/sean/STM32_Base/libopencm3/lib/libopencm3_stm32f1.a(gpio_common_all.o)
 .debug_info    0x0000000000005eec     0x128b /Users/sean/STM32_Base/libopencm3/lib/libopencm3_stm32f1.a(rcc.o)
 .debug_info    0x0000000000007177      0x639 /Users/sean/STM32_Base/libopencm3/lib/libopencm3_stm32f1.a(rcc_common_all.o)
 .debug_info    0x00000000000077b0     0x113e /Users/sean/STM32_Base/libopencm3/lib/libopencm3_stm32f1.a(timer_common_all.o)
 .debug_info    0x00000000000088ee      0x32a /Users/sean/STM32_Base/libopencm3/lib/libopencm3_stm32f1.a(vector.o)
 .debug_info    0x0000000000008c18      0x251 /Users/sean/STM32_Base/libopencm3/lib/libopencm3_stm32f1.a(nvic.o)
 .debug_info    0x0000000000008e69       0xfc /Users/sean/STM32_Base/libopencm3/lib/libopencm3_stm32f1.a(flash_common_all.o)

.debug_abbrev   0x0000000000000000     0x1b58
 .debug_abbrev  0x0000000000000000      0x1d4 main.o
 .debug_abbrev  0x00000000000001d4       0xff lamppedal_setup.o
 .debug_abbrev  0x00000000000002d3      0x236 rtos/list.o
 .debug_abbrev  0x0000000000000509      0x220 rtos/port.o
 .debug_abbrev  0x0000000000000729      0x4f3 rtos/tasks.o
 .debug_abbrev  0x0000000000000c1c       0x89 rtos/opencm3.o
 .debug_abbrev  0x0000000000000ca5      0x195 /Users/sean/STM32_Base/libopencm3/lib/libopencm3_stm32f1.a(adc.o)
 .debug_abbrev  0x0000000000000e3a      0x181 /Users/sean/STM32_Base/libopencm3/lib/libopencm3_stm32f1.a(adc_common_v1.o)
 .debug_abbrev  0x0000000000000fbb      0x102 /Users/sean/STM32_Base/libopencm3/lib/libopencm3_stm32f1.a(exti_common_all.o)
 .debug_abbrev  0x00000000000010bd       0xd0 /Users/sean/STM32_Base/libopencm3/lib/libopencm3_stm32f1.a(gpio.o)
 .debug_abbrev  0x000000000000118d      0x116 /Users/sean/STM32_Base/libopencm3/lib/libopencm3_stm32f1.a(gpio_common_all.o)
 .debug_abbrev  0x00000000000012a3      0x2e4 /Users/sean/STM32_Base/libopencm3/lib/libopencm3_stm32f1.a(rcc.o)
 .debug_abbrev  0x0000000000001587      0x158 /Users/sean/STM32_Base/libopencm3/lib/libopencm3_stm32f1.a(rcc_common_all.o)
 .debug_abbrev  0x00000000000016df      0x1b4 /Users/sean/STM32_Base/libopencm3/lib/libopencm3_stm32f1.a(timer_common_all.o)
 .debug_abbrev  0x0000000000001893      0x176 /Users/sean/STM32_Base/libopencm3/lib/libopencm3_stm32f1.a(vector.o)
 .debug_abbrev  0x0000000000001a09       0xb5 /Users/sean/STM32_Base/libopencm3/lib/libopencm3_stm32f1.a(nvic.o)
 .debug_abbrev  0x0000000000001abe       0x9a /Users/sean/STM32_Base/libopencm3/lib/libopencm3_stm32f1.a(flash_common_all.o)

.debug_loc      0x0000000000000000     0x33d0
 .debug_loc     0x0000000000000000       0xce main.o
 .debug_loc     0x00000000000000ce       0xbd rtos/list.o
 .debug_loc     0x000000000000018b       0xbe rtos/port.o
 .debug_loc     0x0000000000000249     0x1a4f rtos/tasks.o
 .debug_loc     0x0000000000001c98      0x1b1 /Users/sean/STM32_Base/libopencm3/lib/libopencm3_stm32f1.a(adc.o)
 .debug_loc     0x0000000000001e49      0x45a /Users/sean/STM32_Base/libopencm3/lib/libopencm3_stm32f1.a(adc_common_v1.o)
 .debug_loc     0x00000000000022a3      0x14a /Users/sean/STM32_Base/libopencm3/lib/libopencm3_stm32f1.a(exti_common_all.o)
 .debug_loc     0x00000000000023ed      0x170 /Users/sean/STM32_Base/libopencm3/lib/libopencm3_stm32f1.a(gpio.o)
 .debug_loc     0x000000000000255d       0xbe /Users/sean/STM32_Base/libopencm3/lib/libopencm3_stm32f1.a(gpio_common_all.o)
 .debug_loc     0x000000000000261b      0x558 /Users/sean/STM32_Base/libopencm3/lib/libopencm3_stm32f1.a(rcc.o)
 .debug_loc     0x0000000000002b73      0x128 /Users/sean/STM32_Base/libopencm3/lib/libopencm3_stm32f1.a(rcc_common_all.o)
 .debug_loc     0x0000000000002c9b      0x48d /Users/sean/STM32_Base/libopencm3/lib/libopencm3_stm32f1.a(timer_common_all.o)
 .debug_loc     0x0000000000003128      0x114 /Users/sean/STM32_Base/libopencm3/lib/libopencm3_stm32f1.a(vector.o)
 .debug_loc     0x000000000000323c      0x14d /Users/sean/STM32_Base/libopencm3/lib/libopencm3_stm32f1.a(nvic.o)
 .debug_loc     0x0000000000003389       0x47 /Users/sean/STM32_Base/libopencm3/lib/libopencm3_stm32f1.a(flash_common_all.o)

.debug_aranges  0x0000000000000000      0xa50
 .debug_aranges
                0x0000000000000000       0x30 main.o
 .debug_aranges
                0x0000000000000030       0x28 lamppedal_setup.o
 .debug_aranges
                0x0000000000000058       0x40 rtos/list.o
 .debug_aranges
                0x0000000000000098       0x70 rtos/port.o
 .debug_aranges
                0x0000000000000108      0x168 rtos/tasks.o
 .debug_aranges
                0x0000000000000270       0x30 rtos/opencm3.o
 .debug_aranges
                0x00000000000002a0       0x98 /Users/sean/STM32_Base/libopencm3/lib/libopencm3_stm32f1.a(adc.o)
 .debug_aranges
                0x0000000000000338      0x158 /Users/sean/STM32_Base/libopencm3/lib/libopencm3_stm32f1.a(adc_common_v1.o)
 .debug_aranges
                0x0000000000000490       0x48 /Users/sean/STM32_Base/libopencm3/lib/libopencm3_stm32f1.a(exti_common_all.o)
 .debug_aranges
                0x00000000000004d8       0x38 /Users/sean/STM32_Base/libopencm3/lib/libopencm3_stm32f1.a(gpio.o)
 .debug_aranges
                0x0000000000000510       0x50 /Users/sean/STM32_Base/libopencm3/lib/libopencm3_stm32f1.a(gpio_common_all.o)
 .debug_aranges
                0x0000000000000560      0x158 /Users/sean/STM32_Base/libopencm3/lib/libopencm3_stm32f1.a(rcc.o)
 .debug_aranges
                0x00000000000006b8       0x68 /Users/sean/STM32_Base/libopencm3/lib/libopencm3_stm32f1.a(rcc_common_all.o)
 .debug_aranges
                0x0000000000000720      0x268 /Users/sean/STM32_Base/libopencm3/lib/libopencm3_stm32f1.a(timer_common_all.o)
 .debug_aranges
                0x0000000000000988       0x30 /Users/sean/STM32_Base/libopencm3/lib/libopencm3_stm32f1.a(vector.o)
 .debug_aranges
                0x00000000000009b8       0x60 /Users/sean/STM32_Base/libopencm3/lib/libopencm3_stm32f1.a(nvic.o)
 .debug_aranges
                0x0000000000000a18       0x38 /Users/sean/STM32_Base/libopencm3/lib/libopencm3_stm32f1.a(flash_common_all.o)

.debug_ranges   0x0000000000000000      0xbd0
 .debug_ranges  0x0000000000000000       0x50 main.o
 .debug_ranges  0x0000000000000050       0x18 lamppedal_setup.o
 .debug_ranges  0x0000000000000068       0x30 rtos/list.o
 .debug_ranges  0x0000000000000098       0x78 rtos/port.o
 .debug_ranges  0x0000000000000110      0x300 rtos/tasks.o
 .debug_ranges  0x0000000000000410       0x20 rtos/opencm3.o
 .debug_ranges  0x0000000000000430       0x88 /Users/sean/STM32_Base/libopencm3/lib/libopencm3_stm32f1.a(adc.o)
 .debug_ranges  0x00000000000004b8      0x148 /Users/sean/STM32_Base/libopencm3/lib/libopencm3_stm32f1.a(adc_common_v1.o)
 .debug_ranges  0x0000000000000600       0x50 /Users/sean/STM32_Base/libopencm3/lib/libopencm3_stm32f1.a(exti_common_all.o)
 .debug_ranges  0x0000000000000650       0x28 /Users/sean/STM32_Base/libopencm3/lib/libopencm3_stm32f1.a(gpio.o)
 .debug_ranges  0x0000000000000678       0x40 /Users/sean/STM32_Base/libopencm3/lib/libopencm3_stm32f1.a(gpio_common_all.o)
 .debug_ranges  0x00000000000006b8      0x1b8 /Users/sean/STM32_Base/libopencm3/lib/libopencm3_stm32f1.a(rcc.o)
 .debug_ranges  0x0000000000000870       0x58 /Users/sean/STM32_Base/libopencm3/lib/libopencm3_stm32f1.a(rcc_common_all.o)
 .debug_ranges  0x00000000000008c8      0x258 /Users/sean/STM32_Base/libopencm3/lib/libopencm3_stm32f1.a(timer_common_all.o)
 .debug_ranges  0x0000000000000b20       0x38 /Users/sean/STM32_Base/libopencm3/lib/libopencm3_stm32f1.a(vector.o)
 .debug_ranges  0x0000000000000b58       0x50 /Users/sean/STM32_Base/libopencm3/lib/libopencm3_stm32f1.a(nvic.o)
 .debug_ranges  0x0000000000000ba8       0x28 /Users/sean/STM32_Base/libopencm3/lib/libopencm3_stm32f1.a(flash_common_all.o)

.debug_line     0x0000000000000000     0x67c4
 .debug_line    0x0000000000000000      0x335 main.o
 .debug_line    0x0000000000000335      0x1e1 lamppedal_setup.o
 .debug_line    0x0000000000000516      0x2c5 rtos/list.o
 .debug_line    0x00000000000007db      0x32a rtos/port.o
 .debug_line    0x0000000000000b05     0x192c rtos/tasks.o
 .debug_line    0x0000000000002431      0x125 rtos/opencm3.o
 .debug_line    0x0000000000002556      0x555 /Users/sean/STM32_Base/libopencm3/lib/libopencm3_stm32f1.a(adc.o)
 .debug_line    0x0000000000002aab      0x852 /Users/sean/STM32_Base/libopencm3/lib/libopencm3_stm32f1.a(adc_common_v1.o)
 .debug_line    0x00000000000032fd      0x3e7 /Users/sean/STM32_Base/libopencm3/lib/libopencm3_stm32f1.a(exti_common_all.o)
 .debug_line    0x00000000000036e4      0x331 /Users/sean/STM32_Base/libopencm3/lib/libopencm3_stm32f1.a(gpio.o)
 .debug_line    0x0000000000003a15      0x354 /Users/sean/STM32_Base/libopencm3/lib/libopencm3_stm32f1.a(gpio_common_all.o)
 .debug_line    0x0000000000003d69      0xc6e /Users/sean/STM32_Base/libopencm3/lib/libopencm3_stm32f1.a(rcc.o)
 .debug_line    0x00000000000049d7      0x3d5 /Users/sean/STM32_Base/libopencm3/lib/libopencm3_stm32f1.a(rcc_common_all.o)
 .debug_line    0x0000000000004dac     0x1027 /Users/sean/STM32_Base/libopencm3/lib/libopencm3_stm32f1.a(timer_common_all.o)
 .debug_line    0x0000000000005dd3      0x382 /Users/sean/STM32_Base/libopencm3/lib/libopencm3_stm32f1.a(vector.o)
 .debug_line    0x0000000000006155      0x36a /Users/sean/STM32_Base/libopencm3/lib/libopencm3_stm32f1.a(nvic.o)
 .debug_line    0x00000000000064bf      0x305 /Users/sean/STM32_Base/libopencm3/lib/libopencm3_stm32f1.a(flash_common_all.o)

.debug_str      0x0000000000000000    0x17711
 .debug_str     0x0000000000000000      0x904 main.o
                                        0x9af (size before relaxing)
 .debug_str     0x0000000000000904       0xbd lamppedal_setup.o
                                        0x503 (size before relaxing)
 .debug_str     0x00000000000009c1      0x4e8 rtos/list.o
                                        0x6b7 (size before relaxing)
 .debug_str     0x0000000000000ea9      0x19e rtos/port.o
                                        0x350 (size before relaxing)
 .debug_str     0x0000000000001047      0xa90 rtos/tasks.o
                                       0x124d (size before relaxing)
 .debug_str     0x0000000000001ad7       0x40 rtos/opencm3.o
                                        0x23f (size before relaxing)
 .debug_str     0x0000000000001b17     0x7145 /Users/sean/STM32_Base/libopencm3/lib/libopencm3_stm32f1.a(adc.o)
                                       0x7390 (size before relaxing)
 .debug_str     0x0000000000008c5c      0x42d /Users/sean/STM32_Base/libopencm3/lib/libopencm3_stm32f1.a(adc_common_v1.o)
                                       0x76e1 (size before relaxing)
 .debug_str     0x0000000000009089     0x3bdc /Users/sean/STM32_Base/libopencm3/lib/libopencm3_stm32f1.a(exti_common_all.o)
                                       0x892a (size before relaxing)
 .debug_str     0x000000000000cc65       0x70 /Users/sean/STM32_Base/libopencm3/lib/libopencm3_stm32f1.a(gpio.o)
                                       0x8501 (size before relaxing)
 .debug_str     0x000000000000ccd5       0x66 /Users/sean/STM32_Base/libopencm3/lib/libopencm3_stm32f1.a(gpio_common_all.o)
                                       0x84f5 (size before relaxing)
 .debug_str     0x000000000000cd3b     0x30a7 /Users/sean/STM32_Base/libopencm3/lib/libopencm3_stm32f1.a(rcc.o)
                                       0x7df4 (size before relaxing)
 .debug_str     0x000000000000fde2      0x11c /Users/sean/STM32_Base/libopencm3/lib/libopencm3_stm32f1.a(rcc_common_all.o)
                                       0x770a (size before relaxing)
 .debug_str     0x000000000000fefe     0x4a43 /Users/sean/STM32_Base/libopencm3/lib/libopencm3_stm32f1.a(timer_common_all.o)
                                       0xbcc3 (size before relaxing)
 .debug_str     0x0000000000014941     0x24ec /Users/sean/STM32_Base/libopencm3/lib/libopencm3_stm32f1.a(vector.o)
                                       0x6631 (size before relaxing)
 .debug_str     0x0000000000016e2d      0x880 /Users/sean/STM32_Base/libopencm3/lib/libopencm3_stm32f1.a(nvic.o)
                                       0x51e6 (size before relaxing)
 .debug_str     0x00000000000176ad       0x64 /Users/sean/STM32_Base/libopencm3/lib/libopencm3_stm32f1.a(flash_common_all.o)
                                       0x54cd (size before relaxing)

.comment        0x0000000000000000       0x76
 .comment       0x0000000000000000       0x76 main.o
                                         0x77 (size before relaxing)
 .comment       0x0000000000000076       0x77 lamppedal_setup.o
 .comment       0x0000000000000076       0x77 rtos/list.o
 .comment       0x0000000000000076       0x77 rtos/port.o
 .comment       0x0000000000000076       0x77 rtos/tasks.o
 .comment       0x0000000000000076       0x77 rtos/opencm3.o
 .comment       0x0000000000000076       0x77 /Users/sean/STM32_Base/libopencm3/lib/libopencm3_stm32f1.a(adc.o)
 .comment       0x0000000000000076       0x77 /Users/sean/STM32_Base/libopencm3/lib/libopencm3_stm32f1.a(adc_common_v1.o)
 .comment       0x0000000000000076       0x77 /Users/sean/STM32_Base/libopencm3/lib/libopencm3_stm32f1.a(exti_common_all.o)
 .comment       0x0000000000000076       0x77 /Users/sean/STM32_Base/libopencm3/lib/libopencm3_stm32f1.a(gpio.o)
 .comment       0x0000000000000076       0x77 /Users/sean/STM32_Base/libopencm3/lib/libopencm3_stm32f1.a(gpio_common_all.o)
 .comment       0x0000000000000076       0x77 /Users/sean/STM32_Base/libopencm3/lib/libopencm3_stm32f1.a(rcc.o)
 .comment       0x0000000000000076       0x77 /Users/sean/STM32_Base/libopencm3/lib/libopencm3_stm32f1.a(rcc_common_all.o)
 .comment       0x0000000000000076       0x77 /Users/sean/STM32_Base/libopencm3/lib/libopencm3_stm32f1.a(timer_common_all.o)
 .comment       0x0000000000000076       0x77 /Users/sean/STM32_Base/libopencm3/lib/libopencm3_stm32f1.a(vector.o)
 .comment       0x0000000000000076       0x77 /Users/sean/STM32_Base/libopencm3/lib/libopencm3_stm32f1.a(nvic.o)
 .comment       0x0000000000000076       0x77 /Users/sean/STM32_Base/libopencm3/lib/libopencm3_stm32f1.a(flash_common_all.o)

.ARM.attributes
                0x0000000000000000       0x2b
 .ARM.attributes
                0x0000000000000000       0x2d main.o
 .ARM.attributes
                0x000000000000002d       0x2d lamppedal_setup.o
 .ARM.attributes
                0x000000000000005a       0x2d rtos/list.o
 .ARM.attributes
                0x0000000000000087       0x2d rtos/port.o
 .ARM.attributes
                0x00000000000000b4       0x2d rtos/tasks.o
 .ARM.attributes
                0x00000000000000e1       0x2d rtos/opencm3.o
 .ARM.attributes
                0x000000000000010e       0x2d /Users/sean/STM32_Base/libopencm3/lib/libopencm3_stm32f1.a(adc.o)
 .ARM.attributes
                0x000000000000013b       0x2d /Users/sean/STM32_Base/libopencm3/lib/libopencm3_stm32f1.a(adc_common_v1.o)
 .ARM.attributes
                0x0000000000000168       0x2d /Users/sean/STM32_Base/libopencm3/lib/libopencm3_stm32f1.a(exti_common_all.o)
 .ARM.attributes
                0x0000000000000195       0x2d /Users/sean/STM32_Base/libopencm3/lib/libopencm3_stm32f1.a(gpio.o)
 .ARM.attributes
                0x00000000000001c2       0x2d /Users/sean/STM32_Base/libopencm3/lib/libopencm3_stm32f1.a(gpio_common_all.o)
 .ARM.attributes
                0x00000000000001ef       0x2d /Users/sean/STM32_Base/libopencm3/lib/libopencm3_stm32f1.a(rcc.o)
 .ARM.attributes
                0x000000000000021c       0x2d /Users/sean/STM32_Base/libopencm3/lib/libopencm3_stm32f1.a(rcc_common_all.o)
 .ARM.attributes
                0x0000000000000249       0x2d /Users/sean/STM32_Base/libopencm3/lib/libopencm3_stm32f1.a(timer_common_all.o)
 .ARM.attributes
                0x0000000000000276       0x2d /Users/sean/STM32_Base/libopencm3/lib/libopencm3_stm32f1.a(vector.o)
 .ARM.attributes
                0x00000000000002a3       0x2d /Users/sean/STM32_Base/libopencm3/lib/libopencm3_stm32f1.a(nvic.o)
 .ARM.attributes
                0x00000000000002d0       0x2d /Users/sean/STM32_Base/libopencm3/lib/libopencm3_stm32f1.a(flash_common_all.o)

.debug_frame    0x0000000000000000     0x15d4
 .debug_frame   0x0000000000000000       0x64 main.o
 .debug_frame   0x0000000000000064       0x3c lamppedal_setup.o
 .debug_frame   0x00000000000000a0       0x6c rtos/list.o
 .debug_frame   0x000000000000010c       0xd8 rtos/port.o
 .debug_frame   0x00000000000001e4      0x4b0 rtos/tasks.o
 .debug_frame   0x0000000000000694       0x40 rtos/opencm3.o
 .debug_frame   0x00000000000006d4      0x128 /Users/sean/STM32_Base/libopencm3/lib/libopencm3_stm32f1.a(adc.o)
 .debug_frame   0x00000000000007fc      0x2b4 /Users/sean/STM32_Base/libopencm3/lib/libopencm3_stm32f1.a(adc_common_v1.o)
 .debug_frame   0x0000000000000ab0       0x88 /Users/sean/STM32_Base/libopencm3/lib/libopencm3_stm32f1.a(exti_common_all.o)
 .debug_frame   0x0000000000000b38       0x60 /Users/sean/STM32_Base/libopencm3/lib/libopencm3_stm32f1.a(gpio.o)
 .debug_frame   0x0000000000000b98       0x80 /Users/sean/STM32_Base/libopencm3/lib/libopencm3_stm32f1.a(gpio_common_all.o)
 .debug_frame   0x0000000000000c18      0x2e0 /Users/sean/STM32_Base/libopencm3/lib/libopencm3_stm32f1.a(rcc.o)
 .debug_frame   0x0000000000000ef8       0xd0 /Users/sean/STM32_Base/libopencm3/lib/libopencm3_stm32f1.a(rcc_common_all.o)
 .debug_frame   0x0000000000000fc8      0x4d0 /Users/sean/STM32_Base/libopencm3/lib/libopencm3_stm32f1.a(timer_common_all.o)
 .debug_frame   0x0000000000001498       0x4c /Users/sean/STM32_Base/libopencm3/lib/libopencm3_stm32f1.a(vector.o)
 .debug_frame   0x00000000000014e4       0xa0 /Users/sean/STM32_Base/libopencm3/lib/libopencm3_stm32f1.a(nvic.o)
 .debug_frame   0x0000000000001584       0x50 /Users/sean/STM32_Base/libopencm3/lib/libopencm3_stm32f1.a(flash_common_all.o)

.debug_macro    0x0000000000000000     0x537f
 .debug_macro   0x0000000000000000       0xb8 /Users/sean/STM32_Base/libopencm3/lib/libopencm3_stm32f1.a(adc.o)
 .debug_macro   0x00000000000000b8      0xa84 /Users/sean/STM32_Base/libopencm3/lib/libopencm3_stm32f1.a(adc.o)
 .debug_macro   0x0000000000000b3c       0x1c /Users/sean/STM32_Base/libopencm3/lib/libopencm3_stm32f1.a(adc.o)
 .debug_macro   0x0000000000000b58       0x22 /Users/sean/STM32_Base/libopencm3/lib/libopencm3_stm32f1.a(adc.o)
 .debug_macro   0x0000000000000b7a       0x56 /Users/sean/STM32_Base/libopencm3/lib/libopencm3_stm32f1.a(adc.o)
 .debug_macro   0x0000000000000bd0       0x51 /Users/sean/STM32_Base/libopencm3/lib/libopencm3_stm32f1.a(adc.o)
 .debug_macro   0x0000000000000c21      0x103 /Users/sean/STM32_Base/libopencm3/lib/libopencm3_stm32f1.a(adc.o)
 .debug_macro   0x0000000000000d24       0x6a /Users/sean/STM32_Base/libopencm3/lib/libopencm3_stm32f1.a(adc.o)
 .debug_macro   0x0000000000000d8e      0x1df /Users/sean/STM32_Base/libopencm3/lib/libopencm3_stm32f1.a(adc.o)
 .debug_macro   0x0000000000000f6d       0x22 /Users/sean/STM32_Base/libopencm3/lib/libopencm3_stm32f1.a(adc.o)
 .debug_macro   0x0000000000000f8f       0xe8 /Users/sean/STM32_Base/libopencm3/lib/libopencm3_stm32f1.a(adc.o)
 .debug_macro   0x0000000000001077       0x58 /Users/sean/STM32_Base/libopencm3/lib/libopencm3_stm32f1.a(adc.o)
 .debug_macro   0x00000000000010cf      0x1b4 /Users/sean/STM32_Base/libopencm3/lib/libopencm3_stm32f1.a(adc.o)
 .debug_macro   0x0000000000001283      0x449 /Users/sean/STM32_Base/libopencm3/lib/libopencm3_stm32f1.a(adc.o)
 .debug_macro   0x00000000000016cc      0x456 /Users/sean/STM32_Base/libopencm3/lib/libopencm3_stm32f1.a(adc.o)
 .debug_macro   0x0000000000001b22       0xb8 /Users/sean/STM32_Base/libopencm3/lib/libopencm3_stm32f1.a(adc_common_v1.o)
 .debug_macro   0x0000000000001bda       0xe4 /Users/sean/STM32_Base/libopencm3/lib/libopencm3_stm32f1.a(exti_common_all.o)
 .debug_macro   0x0000000000001cbe       0xee /Users/sean/STM32_Base/libopencm3/lib/libopencm3_stm32f1.a(exti_common_all.o)
 .debug_macro   0x0000000000001dac       0x28 /Users/sean/STM32_Base/libopencm3/lib/libopencm3_stm32f1.a(exti_common_all.o)
 .debug_macro   0x0000000000001dd4       0x76 /Users/sean/STM32_Base/libopencm3/lib/libopencm3_stm32f1.a(exti_common_all.o)
 .debug_macro   0x0000000000001e4a      0xe04 /Users/sean/STM32_Base/libopencm3/lib/libopencm3_stm32f1.a(exti_common_all.o)
 .debug_macro   0x0000000000002c4e       0xb8 /Users/sean/STM32_Base/libopencm3/lib/libopencm3_stm32f1.a(gpio.o)
 .debug_macro   0x0000000000002d06       0xb8 /Users/sean/STM32_Base/libopencm3/lib/libopencm3_stm32f1.a(gpio_common_all.o)
 .debug_macro   0x0000000000002dbe       0xe7 /Users/sean/STM32_Base/libopencm3/lib/libopencm3_stm32f1.a(rcc.o)
 .debug_macro   0x0000000000002ea5       0x16 /Users/sean/STM32_Base/libopencm3/lib/libopencm3_stm32f1.a(rcc.o)
 .debug_macro   0x0000000000002ebb      0x82c /Users/sean/STM32_Base/libopencm3/lib/libopencm3_stm32f1.a(rcc.o)
 .debug_macro   0x00000000000036e7       0xee /Users/sean/STM32_Base/libopencm3/lib/libopencm3_stm32f1.a(rcc.o)
 .debug_macro   0x00000000000037d5       0x82 /Users/sean/STM32_Base/libopencm3/lib/libopencm3_stm32f1.a(rcc.o)
 .debug_macro   0x0000000000003857       0xce /Users/sean/STM32_Base/libopencm3/lib/libopencm3_stm32f1.a(rcc_common_all.o)
 .debug_macro   0x0000000000003925       0xcb /Users/sean/STM32_Base/libopencm3/lib/libopencm3_stm32f1.a(timer_common_all.o)
 .debug_macro   0x00000000000039f0      0xf9a /Users/sean/STM32_Base/libopencm3/lib/libopencm3_stm32f1.a(timer_common_all.o)
 .debug_macro   0x000000000000498a       0xcf /Users/sean/STM32_Base/libopencm3/lib/libopencm3_stm32f1.a(vector.o)
 .debug_macro   0x0000000000004a59      0x3a4 /Users/sean/STM32_Base/libopencm3/lib/libopencm3_stm32f1.a(vector.o)
 .debug_macro   0x0000000000004dfd       0x6d /Users/sean/STM32_Base/libopencm3/lib/libopencm3_stm32f1.a(vector.o)
 .debug_macro   0x0000000000004e6a      0x1a2 /Users/sean/STM32_Base/libopencm3/lib/libopencm3_stm32f1.a(vector.o)
 .debug_macro   0x000000000000500c       0xb3 /Users/sean/STM32_Base/libopencm3/lib/libopencm3_stm32f1.a(nvic.o)
 .debug_macro   0x00000000000050bf       0x67 /Users/sean/STM32_Base/libopencm3/lib/libopencm3_stm32f1.a(nvic.o)
 .debug_macro   0x0000000000005126      0x199 /Users/sean/STM32_Base/libopencm3/lib/libopencm3_stm32f1.a(nvic.o)
 .debug_macro   0x00000000000052bf       0xc0 /Users/sean/STM32_Base/libopencm3/lib/libopencm3_stm32f1.a(flash_common_all.o)
